# hmmsearch :: search profile(s) against a sequence database
# HMMER 3.1b2 (February 2015); http://hmmer.org/
# Copyright (C) 2015 Howard Hughes Medical Institute.
# Freely distributed under the GNU General Public License (GPLv3).
# - - - - - - - - - - - - - - - - - - - - - - - - - - - - - - - - - - - -
# query HMM file:                  p38b2.hmm
# target sequence database:        /mnt/NFS_UPF/soft/databases/blastdat/pdb_seq
# - - - - - - - - - - - - - - - - - - - - - - - - - - - - - - - - - - - -

Query:       HLH  [M=54]
Accession:   PF00010.21
Description: Helix-loop-helix DNA-binding domain
Scores for complete sequences (score includes all domains):
   --- full sequence ---   --- best 1 domain ---    -#dom-
    E-value  score  bias    E-value  score  bias    exp  N  Sequence Description
    ------- ------ -----    ------- ------ -----   ---- --  -------- -----------
    1.1e-18   69.7   0.7    1.7e-18   69.1   0.7    1.3  1  1nlw_B    mol:protein length:76  MAX PROTEIN
    1.1e-18   69.7   0.7    1.7e-18   69.1   0.7    1.3  1  1nlw_E    mol:protein length:76  MAX PROTEIN
    1.3e-18   69.5   0.7    2.4e-18   68.6   0.7    1.5  1  1an2_A    mol:protein length:86  PROTEIN (TRANSCRIPTION FACTO
    1.4e-18   69.3   0.7    1.9e-18   68.9   0.7    1.2  1  1hlo_A    mol:protein length:80  PROTEIN (TRANSCRIPTION FACTO
    1.4e-18   69.3   0.7    1.9e-18   68.9   0.7    1.2  1  1hlo_B    mol:protein length:80  PROTEIN (TRANSCRIPTION FACTO
    1.4e-18   69.3   0.7    2.2e-18   68.7   0.7    1.3  1  1nkp_B    mol:protein length:83  Max protein
    1.4e-18   69.3   0.7    2.2e-18   68.7   0.7    1.3  1  1nkp_E    mol:protein length:83  Max protein
    1.4e-18   69.3   0.7    2.5e-18   68.5   0.7    1.4  1  1r05_A    mol:protein length:87  Max protein
    1.4e-18   69.3   0.7    2.5e-18   68.5   0.7    1.4  1  1r05_B    mol:protein length:87  Max protein
    1.6e-17   65.9   0.9    2.7e-17   65.2   0.9    1.4  1  1am9_A    mol:protein length:82  PROTEIN (STEROL REGULATORY E
    1.6e-17   65.9   0.9    2.7e-17   65.2   0.9    1.4  1  1am9_B    mol:protein length:82  PROTEIN (STEROL REGULATORY E
    1.6e-17   65.9   0.9    2.7e-17   65.2   0.9    1.4  1  1am9_C    mol:protein length:82  PROTEIN (STEROL REGULATORY E
    1.6e-17   65.9   0.9    2.7e-17   65.2   0.9    1.4  1  1am9_D    mol:protein length:82  PROTEIN (STEROL REGULATORY E
    2.9e-17   65.1   0.3    3.4e-17   64.9   0.3    1.1  1  1an4_A    mol:protein length:65  PROTEIN (UPSTREAM STIMULATOR
    2.9e-17   65.1   0.3    3.4e-17   64.9   0.3    1.1  1  1an4_B    mol:protein length:65  PROTEIN (UPSTREAM STIMULATOR
    5.3e-17   64.3   5.1    1.8e-15   59.4   1.6    2.1  2  1nkp_A    mol:protein length:88  Myc proto-oncogene protein
    5.3e-17   64.3   5.1    1.8e-15   59.4   1.6    2.1  2  1nkp_D    mol:protein length:88  Myc proto-oncogene protein
    9.2e-15   57.1   2.7    1.1e-14   56.9   2.7    1.0  1  1mdy_B    mol:protein length:62  PROTEIN (MYOD BHLH DOMAIN)
    9.2e-15   57.1   2.7    1.1e-14   56.9   2.7    1.0  1  1mdy_C    mol:protein length:62  PROTEIN (MYOD BHLH DOMAIN)
    9.2e-15   57.1   2.7    1.1e-14   56.9   2.7    1.0  1  1mdy_D    mol:protein length:62  PROTEIN (MYOD BHLH DOMAIN)
    1.1e-14   56.9   2.7    1.4e-14   56.5   2.7    1.2  1  1mdy_A    mol:protein length:68  PROTEIN (MYOD BHLH DOMAIN)
    1.7e-13   53.0   0.5      2e-13   52.8   0.5    1.1  1  1a0a_A    mol:protein length:63  PROTEIN (PHOSPHATE SYSTEM PO
    1.7e-13   53.0   0.5      2e-13   52.8   0.5    1.1  1  1a0a_B    mol:protein length:63  PROTEIN (PHOSPHATE SYSTEM PO
    1.4e-10   43.7   0.7    1.4e-10   43.7   0.7    1.9  2  1nlw_A    mol:protein length:80  MAD PROTEIN
    1.4e-10   43.7   0.7    1.4e-10   43.7   0.7    1.9  2  1nlw_D    mol:protein length:80  MAD PROTEIN
    2.5e-09   39.7   0.1    4.3e-09   38.9   0.1    1.4  1  1ukl_C    mol:protein length:61  Sterol regulatory element bi
    2.5e-09   39.7   0.1    4.3e-09   38.9   0.1    1.4  1  1ukl_D    mol:protein length:61  Sterol regulatory element bi
    2.5e-09   39.7   0.1    4.3e-09   38.9   0.1    1.4  1  1ukl_E    mol:protein length:61  Sterol regulatory element bi
    2.5e-09   39.7   0.1    4.3e-09   38.9   0.1    1.4  1  1ukl_F    mol:protein length:61  Sterol regulatory element bi
  ------ inclusion threshold ------
       0.24   14.1   0.0       0.24   14.1   0.0    1.3  1  1l0h_A    mol:protein length:78  ACYL CARRIER PROTEIN
       0.24   14.1   0.0       0.24   14.1   0.0    1.3  1  2fhs_C    mol:protein length:78  Acyl carrier protein
       0.26   14.1   0.0       0.27   14.0   0.0    1.3  1  1acp_A    mol:protein length:77  ACYL-CARRIER PROTEIN
       0.26   14.1   0.0       0.27   14.0   0.0    1.3  1  1t8k_A    mol:protein length:77  Acyl carrier protein
       0.26   14.1   0.0       0.27   14.0   0.0    1.3  1  2fac_A    mol:protein length:77  Acyl carrier protein
       0.26   14.1   0.0       0.27   14.0   0.0    1.3  1  2fac_B    mol:protein length:77  Acyl carrier protein
       0.26   14.1   0.0       0.27   14.0   0.0    1.3  1  2fad_A    mol:protein length:77  Acyl carrier protein
       0.26   14.1   0.0       0.27   14.0   0.0    1.3  1  2fad_B    mol:protein length:77  Acyl carrier protein
       0.26   14.1   0.0       0.27   14.0   0.0    1.3  1  2fae_A    mol:protein length:77  Acyl carrier protein
       0.26   14.1   0.0       0.27   14.0   0.0    1.3  1  2fae_B    mol:protein length:77  Acyl carrier protein
       0.36   13.6   0.0       0.54   13.0   0.0    1.3  1  3ejb_A    mol:protein length:97  Acyl carrier protein
       0.36   13.6   0.0       0.54   13.0   0.0    1.3  1  3ejb_C    mol:protein length:97  Acyl carrier protein
       0.36   13.6   0.0       0.54   13.0   0.0    1.3  1  3ejb_E    mol:protein length:97  Acyl carrier protein
       0.36   13.6   0.0       0.54   13.0   0.0    1.3  1  3ejb_G    mol:protein length:97  Acyl carrier protein
       0.36   13.6   0.0       0.54   13.0   0.0    1.3  1  3ejd_A    mol:protein length:97  Acyl carrier protein
       0.36   13.6   0.0       0.54   13.0   0.0    1.3  1  3ejd_C    mol:protein length:97  Acyl carrier protein
       0.36   13.6   0.0       0.54   13.0   0.0    1.3  1  3ejd_E    mol:protein length:97  Acyl carrier protein
       0.36   13.6   0.0       0.54   13.0   0.0    1.3  1  3ejd_G    mol:protein length:97  Acyl carrier protein
       0.36   13.6   0.0       0.54   13.0   0.0    1.3  1  3eje_A    mol:protein length:97  Acyl carrier protein
       0.36   13.6   0.0       0.54   13.0   0.0    1.3  1  3eje_C    mol:protein length:97  Acyl carrier protein
       0.36   13.6   0.0       0.54   13.0   0.0    1.3  1  3eje_E    mol:protein length:97  Acyl carrier protein
       0.36   13.6   0.0       0.54   13.0   0.0    1.3  1  3eje_G    mol:protein length:97  Acyl carrier protein
        0.4   13.4   0.0        0.4   13.4   0.0    1.3  1  1l0i_A    mol:protein length:78  Acyl carrier protein
        1.2   11.9   0.0        1.2   11.9   0.0    1.3  1  1x3o_A    mol:protein length:80  acyl carrier protein
        1.4   11.7   0.0        4.7   10.0   0.0    1.8  2  1f80_D    mol:protein length:81  ACYL CARRIER PROTEIN
        1.4   11.7   0.0        4.7   10.0   0.0    1.8  2  1f80_E    mol:protein length:81  ACYL CARRIER PROTEIN
        1.4   11.7   0.0        4.7   10.0   0.0    1.8  2  1f80_F    mol:protein length:81  ACYL CARRIER PROTEIN


Domain annotation for each sequence (and alignments):
>> 1nlw_B  mol:protein length:76  MAX PROTEIN
   #    score  bias  c-Evalue  i-Evalue hmmfrom  hmm to    alifrom  ali to    envfrom  env to     acc
 ---   ------ ----- --------- --------- ------- -------    ------- -------    ------- -------    ----
   1 !   69.1   0.7     7e-22   1.7e-18       1      53 [.       1      51 [.       1      52 [. 0.98

  Alignments for each domain:
  == domain 1  score: 69.1 bits;  conditional E-value: 7e-22
            -HHHHHHHHHHHHHHHHHHHHHH-------..-SS-STCHHHHHHHHHHHHHH CS
     HLH  1 rrtahnerErrRRdriNsafeeLrellPkasapskKlsKaeiLekAveYIkqL 53
            +r+ hn++Er+RRd+i+++f+ Lr+ +P++  +++K s a+iL kA+eYI+++
  1nlw_B  1 KRAHHNALERKRRDHIKDSFHSLRDSVPSL--QGEKASRAQILDKATEYIQYM 51
            79****************************..*******************98 PP

>> 1nlw_E  mol:protein length:76  MAX PROTEIN
   #    score  bias  c-Evalue  i-Evalue hmmfrom  hmm to    alifrom  ali to    envfrom  env to     acc
 ---   ------ ----- --------- --------- ------- -------    ------- -------    ------- -------    ----
   1 !   69.1   0.7     7e-22   1.7e-18       1      53 [.       1      51 [.       1      52 [. 0.98

  Alignments for each domain:
  == domain 1  score: 69.1 bits;  conditional E-value: 7e-22
            -HHHHHHHHHHHHHHHHHHHHHH-------..-SS-STCHHHHHHHHHHHHHH CS
     HLH  1 rrtahnerErrRRdriNsafeeLrellPkasapskKlsKaeiLekAveYIkqL 53
            +r+ hn++Er+RRd+i+++f+ Lr+ +P++  +++K s a+iL kA+eYI+++
  1nlw_E  1 KRAHHNALERKRRDHIKDSFHSLRDSVPSL--QGEKASRAQILDKATEYIQYM 51
            79****************************..*******************98 PP

>> 1an2_A  mol:protein length:86  PROTEIN (TRANSCRIPTION FACTOR MAX (TF MAX))
   #    score  bias  c-Evalue  i-Evalue hmmfrom  hmm to    alifrom  ali to    envfrom  env to     acc
 ---   ------ ----- --------- --------- ------- -------    ------- -------    ------- -------    ----
   1 !   68.6   0.7     1e-21   2.4e-18       1      53 [.       3      53 ..       3      54 .. 0.98

  Alignments for each domain:
  == domain 1  score: 68.6 bits;  conditional E-value: 1e-21
            -HHHHHHHHHHHHHHHHHHHHHH-------..-SS-STCHHHHHHHHHHHHHH CS
     HLH  1 rrtahnerErrRRdriNsafeeLrellPkasapskKlsKaeiLekAveYIkqL 53
            +r+ hn++Er+RRd+i+++f+ Lr+ +P++  +++K s a+iL kA+eYI+++
  1an2_A  3 KRAHHNALERKRRDHIKDSFHSLRDSVPSL--QGEKASRAQILDKATEYIQYM 53
            79****************************..*******************98 PP

>> 1hlo_A  mol:protein length:80  PROTEIN (TRANSCRIPTION FACTOR MAX)
   #    score  bias  c-Evalue  i-Evalue hmmfrom  hmm to    alifrom  ali to    envfrom  env to     acc
 ---   ------ ----- --------- --------- ------- -------    ------- -------    ------- -------    ----
   1 !   68.9   0.7   8.2e-22   1.9e-18       1      53 [.      12      62 ..      12      63 .. 0.98

  Alignments for each domain:
  == domain 1  score: 68.9 bits;  conditional E-value: 8.2e-22
            -HHHHHHHHHHHHHHHHHHHHHH-------..-SS-STCHHHHHHHHHHHHHH CS
     HLH  1 rrtahnerErrRRdriNsafeeLrellPkasapskKlsKaeiLekAveYIkqL 53
            +r+ hn++Er+RRd+i+++f+ Lr+ +P++  +++K s a+iL kA+eYI+++
  1hlo_A 12 KRAHHNALERKRRDHIKDSFHSLRDSVPSL--QGEKASRAQILDKATEYIQYM 62
            79****************************..*******************98 PP

>> 1hlo_B  mol:protein length:80  PROTEIN (TRANSCRIPTION FACTOR MAX)
   #    score  bias  c-Evalue  i-Evalue hmmfrom  hmm to    alifrom  ali to    envfrom  env to     acc
 ---   ------ ----- --------- --------- ------- -------    ------- -------    ------- -------    ----
   1 !   68.9   0.7   8.2e-22   1.9e-18       1      53 [.      12      62 ..      12      63 .. 0.98

  Alignments for each domain:
  == domain 1  score: 68.9 bits;  conditional E-value: 8.2e-22
            -HHHHHHHHHHHHHHHHHHHHHH-------..-SS-STCHHHHHHHHHHHHHH CS
     HLH  1 rrtahnerErrRRdriNsafeeLrellPkasapskKlsKaeiLekAveYIkqL 53
            +r+ hn++Er+RRd+i+++f+ Lr+ +P++  +++K s a+iL kA+eYI+++
  1hlo_B 12 KRAHHNALERKRRDHIKDSFHSLRDSVPSL--QGEKASRAQILDKATEYIQYM 62
            79****************************..*******************98 PP

>> 1nkp_B  mol:protein length:83  Max protein
   #    score  bias  c-Evalue  i-Evalue hmmfrom  hmm to    alifrom  ali to    envfrom  env to     acc
 ---   ------ ----- --------- --------- ------- -------    ------- -------    ------- -------    ----
   1 !   68.7   0.7   9.1e-22   2.2e-18       1      53 [.       2      52 ..       2      53 .. 0.98

  Alignments for each domain:
  == domain 1  score: 68.7 bits;  conditional E-value: 9.1e-22
            -HHHHHHHHHHHHHHHHHHHHHH-------..-SS-STCHHHHHHHHHHHHHH CS
     HLH  1 rrtahnerErrRRdriNsafeeLrellPkasapskKlsKaeiLekAveYIkqL 53
            +r+ hn++Er+RRd+i+++f+ Lr+ +P++  +++K s a+iL kA+eYI+++
  1nkp_B  2 KRAHHNALERKRRDHIKDSFHSLRDSVPSL--QGEKASRAQILDKATEYIQYM 52
            79****************************..*******************98 PP

>> 1nkp_E  mol:protein length:83  Max protein
   #    score  bias  c-Evalue  i-Evalue hmmfrom  hmm to    alifrom  ali to    envfrom  env to     acc
 ---   ------ ----- --------- --------- ------- -------    ------- -------    ------- -------    ----
   1 !   68.7   0.7   9.1e-22   2.2e-18       1      53 [.       2      52 ..       2      53 .. 0.98

  Alignments for each domain:
  == domain 1  score: 68.7 bits;  conditional E-value: 9.1e-22
            -HHHHHHHHHHHHHHHHHHHHHH-------..-SS-STCHHHHHHHHHHHHHH CS
     HLH  1 rrtahnerErrRRdriNsafeeLrellPkasapskKlsKaeiLekAveYIkqL 53
            +r+ hn++Er+RRd+i+++f+ Lr+ +P++  +++K s a+iL kA+eYI+++
  1nkp_E  2 KRAHHNALERKRRDHIKDSFHSLRDSVPSL--QGEKASRAQILDKATEYIQYM 52
            79****************************..*******************98 PP

>> 1r05_A  mol:protein length:87  Max protein
   #    score  bias  c-Evalue  i-Evalue hmmfrom  hmm to    alifrom  ali to    envfrom  env to     acc
 ---   ------ ----- --------- --------- ------- -------    ------- -------    ------- -------    ----
   1 !   68.5   0.7     1e-21   2.5e-18       1      53 [.       4      54 ..       4      55 .. 0.98

  Alignments for each domain:
  == domain 1  score: 68.5 bits;  conditional E-value: 1e-21
            -HHHHHHHHHHHHHHHHHHHHHH-------..-SS-STCHHHHHHHHHHHHHH CS
     HLH  1 rrtahnerErrRRdriNsafeeLrellPkasapskKlsKaeiLekAveYIkqL 53
            +r+ hn++Er+RRd+i+++f+ Lr+ +P++  +++K s a+iL kA+eYI+++
  1r05_A  4 KRAHHNALERKRRDHIKDSFHSLRDSVPSL--QGEKASRAQILDKATEYIQYM 54
            79****************************..*******************98 PP

>> 1r05_B  mol:protein length:87  Max protein
   #    score  bias  c-Evalue  i-Evalue hmmfrom  hmm to    alifrom  ali to    envfrom  env to     acc
 ---   ------ ----- --------- --------- ------- -------    ------- -------    ------- -------    ----
   1 !   68.5   0.7     1e-21   2.5e-18       1      53 [.       4      54 ..       4      55 .. 0.98

  Alignments for each domain:
  == domain 1  score: 68.5 bits;  conditional E-value: 1e-21
            -HHHHHHHHHHHHHHHHHHHHHH-------..-SS-STCHHHHHHHHHHHHHH CS
     HLH  1 rrtahnerErrRRdriNsafeeLrellPkasapskKlsKaeiLekAveYIkqL 53
            +r+ hn++Er+RRd+i+++f+ Lr+ +P++  +++K s a+iL kA+eYI+++
  1r05_B  4 KRAHHNALERKRRDHIKDSFHSLRDSVPSL--QGEKASRAQILDKATEYIQYM 54
            79****************************..*******************98 PP

>> 1am9_A  mol:protein length:82  PROTEIN (STEROL REGULATORY ELEMENT BINDING PR
   #    score  bias  c-Evalue  i-Evalue hmmfrom  hmm to    alifrom  ali to    envfrom  env to     acc
 ---   ------ ----- --------- --------- ------- -------    ------- -------    ------- -------    ----
   1 !   65.2   0.9   1.1e-20   2.7e-17       1      54 []       6      56 ..       6      56 .. 0.98

  Alignments for each domain:
  == domain 1  score: 65.2 bits;  conditional E-value: 1.1e-20
            -HHHHHHHHHHHHHHHHHHHHHH-------..-SS-STCHHHHHHHHHHHHHHH CS
     HLH  1 rrtahnerErrRRdriNsafeeLrellPkasapskKlsKaeiLekAveYIkqLq 54
            +rtahn++E+r+R+ iN+++ eL++l+        Kl+K+++L+kA++YI+ Lq
  1am9_A  6 KRTAHNAIEKRYRSSINDKIIELKDLVVGT---EAKLNKSAVLRKAIDYIRFLQ 56
            7****************************8...79******************9 PP

>> 1am9_B  mol:protein length:82  PROTEIN (STEROL REGULATORY ELEMENT BINDING PR
   #    score  bias  c-Evalue  i-Evalue hmmfrom  hmm to    alifrom  ali to    envfrom  env to     acc
 ---   ------ ----- --------- --------- ------- -------    ------- -------    ------- -------    ----
   1 !   65.2   0.9   1.1e-20   2.7e-17       1      54 []       6      56 ..       6      56 .. 0.98

  Alignments for each domain:
  == domain 1  score: 65.2 bits;  conditional E-value: 1.1e-20
            -HHHHHHHHHHHHHHHHHHHHHH-------..-SS-STCHHHHHHHHHHHHHHH CS
     HLH  1 rrtahnerErrRRdriNsafeeLrellPkasapskKlsKaeiLekAveYIkqLq 54
            +rtahn++E+r+R+ iN+++ eL++l+        Kl+K+++L+kA++YI+ Lq
  1am9_B  6 KRTAHNAIEKRYRSSINDKIIELKDLVVGT---EAKLNKSAVLRKAIDYIRFLQ 56
            7****************************8...79******************9 PP

>> 1am9_C  mol:protein length:82  PROTEIN (STEROL REGULATORY ELEMENT BINDING PR
   #    score  bias  c-Evalue  i-Evalue hmmfrom  hmm to    alifrom  ali to    envfrom  env to     acc
 ---   ------ ----- --------- --------- ------- -------    ------- -------    ------- -------    ----
   1 !   65.2   0.9   1.1e-20   2.7e-17       1      54 []       6      56 ..       6      56 .. 0.98

  Alignments for each domain:
  == domain 1  score: 65.2 bits;  conditional E-value: 1.1e-20
            -HHHHHHHHHHHHHHHHHHHHHH-------..-SS-STCHHHHHHHHHHHHHHH CS
     HLH  1 rrtahnerErrRRdriNsafeeLrellPkasapskKlsKaeiLekAveYIkqLq 54
            +rtahn++E+r+R+ iN+++ eL++l+        Kl+K+++L+kA++YI+ Lq
  1am9_C  6 KRTAHNAIEKRYRSSINDKIIELKDLVVGT---EAKLNKSAVLRKAIDYIRFLQ 56
            7****************************8...79******************9 PP

>> 1am9_D  mol:protein length:82  PROTEIN (STEROL REGULATORY ELEMENT BINDING PR
   #    score  bias  c-Evalue  i-Evalue hmmfrom  hmm to    alifrom  ali to    envfrom  env to     acc
 ---   ------ ----- --------- --------- ------- -------    ------- -------    ------- -------    ----
   1 !   65.2   0.9   1.1e-20   2.7e-17       1      54 []       6      56 ..       6      56 .. 0.98

  Alignments for each domain:
  == domain 1  score: 65.2 bits;  conditional E-value: 1.1e-20
            -HHHHHHHHHHHHHHHHHHHHHH-------..-SS-STCHHHHHHHHHHHHHHH CS
     HLH  1 rrtahnerErrRRdriNsafeeLrellPkasapskKlsKaeiLekAveYIkqLq 54
            +rtahn++E+r+R+ iN+++ eL++l+        Kl+K+++L+kA++YI+ Lq
  1am9_D  6 KRTAHNAIEKRYRSSINDKIIELKDLVVGT---EAKLNKSAVLRKAIDYIRFLQ 56
            7****************************8...79******************9 PP

>> 1an4_A  mol:protein length:65  PROTEIN (UPSTREAM STIMULATORY FACTOR)
   #    score  bias  c-Evalue  i-Evalue hmmfrom  hmm to    alifrom  ali to    envfrom  env to     acc
 ---   ------ ----- --------- --------- ------- -------    ------- -------    ------- -------    ----
   1 !   64.9   0.3   1.4e-20   3.4e-17       1      53 [.       5      59 ..       5      60 .. 0.90

  Alignments for each domain:
  == domain 1  score: 64.9 bits;  conditional E-value: 1.4e-20
            -HHHHHHHHHHHHHHHHHHHHHH-------..-SS-..STCHHHHHHHHHHHHHH CS
     HLH  1 rrtahnerErrRRdriNsafeeLrellPkasapskK..lsKaeiLekAveYIkqL 53
            rr++hne+ErrRRd+iN+++ +L +++P +s +s+K  +sK  iL kA +YI++L
  1an4_A  5 RRAQHNEVERRRRDKINNWIVQLSKIIPDSSMESTKsgQSKGGILSKASDYIQEL 59
            89***************************774444448***************99 PP

>> 1an4_B  mol:protein length:65  PROTEIN (UPSTREAM STIMULATORY FACTOR)
   #    score  bias  c-Evalue  i-Evalue hmmfrom  hmm to    alifrom  ali to    envfrom  env to     acc
 ---   ------ ----- --------- --------- ------- -------    ------- -------    ------- -------    ----
   1 !   64.9   0.3   1.4e-20   3.4e-17       1      53 [.       5      59 ..       5      60 .. 0.90

  Alignments for each domain:
  == domain 1  score: 64.9 bits;  conditional E-value: 1.4e-20
            -HHHHHHHHHHHHHHHHHHHHHH-------..-SS-..STCHHHHHHHHHHHHHH CS
     HLH  1 rrtahnerErrRRdriNsafeeLrellPkasapskK..lsKaeiLekAveYIkqL 53
            rr++hne+ErrRRd+iN+++ +L +++P +s +s+K  +sK  iL kA +YI++L
  1an4_B  5 RRAQHNEVERRRRDKINNWIVQLSKIIPDSSMESTKsgQSKGGILSKASDYIQEL 59
            89***************************774444448***************99 PP

>> 1nkp_A  mol:protein length:88  Myc proto-oncogene protein
   #    score  bias  c-Evalue  i-Evalue hmmfrom  hmm to    alifrom  ali to    envfrom  env to     acc
 ---   ------ ----- --------- --------- ------- -------    ------- -------    ------- -------    ----
   1 !   59.4   1.6   7.5e-19   1.8e-15       1      54 []       6      58 ..       6      58 .. 0.96
   2 ?    6.7   0.1     0.022        53      10      23 ..      72      85 ..      68      88 .] 0.93

  Alignments for each domain:
  == domain 1  score: 59.4 bits;  conditional E-value: 7.5e-19
            -HHHHHHHHHHHHHHHHHHHHHH------.-..-SS-STCHHHHHHHHHHHHHHH CS
     HLH  1 rrtahnerErrRRdriNsafeeLrellPk.asapskKlsKaeiLekAveYIkqLq 54
            +r++hn +Er+RR++++ +f+ Lr+ +P+    +++K  K+ iL+kA+ YI + q
  1nkp_A  6 KRRTHNVLERQRRNELKRSFFALRDQIPElE--NNEKAPKVVILKKATAYILSVQ 58
            79***************************55..******************9987 PP

  == domain 2  score: 6.7 bits;  conditional E-value: 0.022
            HHHHHHHHHHHHHH CS
     HLH 10 rrRRdriNsafeeL 23
            r+RR+++++++e+L
  1nkp_A 72 RKRREQLKHKLEQL 85
            9************9 PP

>> 1nkp_D  mol:protein length:88  Myc proto-oncogene protein
   #    score  bias  c-Evalue  i-Evalue hmmfrom  hmm to    alifrom  ali to    envfrom  env to     acc
 ---   ------ ----- --------- --------- ------- -------    ------- -------    ------- -------    ----
   1 !   59.4   1.6   7.5e-19   1.8e-15       1      54 []       6      58 ..       6      58 .. 0.96
   2 ?    6.7   0.1     0.022        53      10      23 ..      72      85 ..      68      88 .] 0.93

  Alignments for each domain:
  == domain 1  score: 59.4 bits;  conditional E-value: 7.5e-19
            -HHHHHHHHHHHHHHHHHHHHHH------.-..-SS-STCHHHHHHHHHHHHHHH CS
     HLH  1 rrtahnerErrRRdriNsafeeLrellPk.asapskKlsKaeiLekAveYIkqLq 54
            +r++hn +Er+RR++++ +f+ Lr+ +P+    +++K  K+ iL+kA+ YI + q
  1nkp_D  6 KRRTHNVLERQRRNELKRSFFALRDQIPElE--NNEKAPKVVILKKATAYILSVQ 58
            79***************************55..******************9987 PP

  == domain 2  score: 6.7 bits;  conditional E-value: 0.022
            HHHHHHHHHHHHHH CS
     HLH 10 rrRRdriNsafeeL 23
            r+RR+++++++e+L
  1nkp_D 72 RKRREQLKHKLEQL 85
            9************9 PP

>> 1mdy_B  mol:protein length:62  PROTEIN (MYOD BHLH DOMAIN)
   #    score  bias  c-Evalue  i-Evalue hmmfrom  hmm to    alifrom  ali to    envfrom  env to     acc
 ---   ------ ----- --------- --------- ------- -------    ------- -------    ------- -------    ----
   1 !   56.9   2.7   4.4e-18   1.1e-14       1      54 []       6      57 ..       6      57 .. 0.99

  Alignments for each domain:
  == domain 1  score: 56.9 bits;  conditional E-value: 4.4e-18
            -HHHHHHHHHHHHHHHHHHHHHH-------..-SS-STCHHHHHHHHHHHHHHH CS
     HLH  1 rrtahnerErrRRdriNsafeeLrellPkasapskKlsKaeiLekAveYIkqLq 54
            rr+a+ +rErrR +++N+afe+L++   ++  p+++l K+eiL+ A++YI  Lq
  1mdy_B  6 RRKAATMRERRRLSKVNEAFETLKRSTSSN--PNQRLPKVEILRNAIRYIEGLQ 57
            8*****************************..*******************998 PP

>> 1mdy_C  mol:protein length:62  PROTEIN (MYOD BHLH DOMAIN)
   #    score  bias  c-Evalue  i-Evalue hmmfrom  hmm to    alifrom  ali to    envfrom  env to     acc
 ---   ------ ----- --------- --------- ------- -------    ------- -------    ------- -------    ----
   1 !   56.9   2.7   4.4e-18   1.1e-14       1      54 []       6      57 ..       6      57 .. 0.99

  Alignments for each domain:
  == domain 1  score: 56.9 bits;  conditional E-value: 4.4e-18
            -HHHHHHHHHHHHHHHHHHHHHH-------..-SS-STCHHHHHHHHHHHHHHH CS
     HLH  1 rrtahnerErrRRdriNsafeeLrellPkasapskKlsKaeiLekAveYIkqLq 54
            rr+a+ +rErrR +++N+afe+L++   ++  p+++l K+eiL+ A++YI  Lq
  1mdy_C  6 RRKAATMRERRRLSKVNEAFETLKRSTSSN--PNQRLPKVEILRNAIRYIEGLQ 57
            8*****************************..*******************998 PP

>> 1mdy_D  mol:protein length:62  PROTEIN (MYOD BHLH DOMAIN)
   #    score  bias  c-Evalue  i-Evalue hmmfrom  hmm to    alifrom  ali to    envfrom  env to     acc
 ---   ------ ----- --------- --------- ------- -------    ------- -------    ------- -------    ----
   1 !   56.9   2.7   4.4e-18   1.1e-14       1      54 []       6      57 ..       6      57 .. 0.99

  Alignments for each domain:
  == domain 1  score: 56.9 bits;  conditional E-value: 4.4e-18
            -HHHHHHHHHHHHHHHHHHHHHH-------..-SS-STCHHHHHHHHHHHHHHH CS
     HLH  1 rrtahnerErrRRdriNsafeeLrellPkasapskKlsKaeiLekAveYIkqLq 54
            rr+a+ +rErrR +++N+afe+L++   ++  p+++l K+eiL+ A++YI  Lq
  1mdy_D  6 RRKAATMRERRRLSKVNEAFETLKRSTSSN--PNQRLPKVEILRNAIRYIEGLQ 57
            8*****************************..*******************998 PP

>> 1mdy_A  mol:protein length:68  PROTEIN (MYOD BHLH DOMAIN)
   #    score  bias  c-Evalue  i-Evalue hmmfrom  hmm to    alifrom  ali to    envfrom  env to     acc
 ---   ------ ----- --------- --------- ------- -------    ------- -------    ------- -------    ----
   1 !   56.5   2.7   6.1e-18   1.4e-14       1      54 []      12      63 ..      12      63 .. 0.99

  Alignments for each domain:
  == domain 1  score: 56.5 bits;  conditional E-value: 6.1e-18
            -HHHHHHHHHHHHHHHHHHHHHH-------..-SS-STCHHHHHHHHHHHHHHH CS
     HLH  1 rrtahnerErrRRdriNsafeeLrellPkasapskKlsKaeiLekAveYIkqLq 54
            rr+a+ +rErrR +++N+afe+L++   ++  p+++l K+eiL+ A++YI  Lq
  1mdy_A 12 RRKAATMRERRRLSKVNEAFETLKRSTSSN--PNQRLPKVEILRNAIRYIEGLQ 63
            8*****************************..*******************998 PP

>> 1a0a_A  mol:protein length:63  PROTEIN (PHOSPHATE SYSTEM POSITIVE REGULATORY
   #    score  bias  c-Evalue  i-Evalue hmmfrom  hmm to    alifrom  ali to    envfrom  env to     acc
 ---   ------ ----- --------- --------- ------- -------    ------- -------    ------- -------    ----
   1 !   52.8   0.5   8.6e-17     2e-13       1      54 []       2      58 ..       2      58 .. 0.95

  Alignments for each domain:
  == domain 1  score: 52.8 bits;  conditional E-value: 8.6e-17
            -HHHHHHHHHHHHHHHHHHHHHH-------.....-SS-STCHHHHHHHHHHHHHHH CS
     HLH  1 rrtahnerErrRRdriNsafeeLrellPkas...apskKlsKaeiLekAveYIkqLq 54
            +r++h+ +E+ RR+r+  a++eL++l+P      + s  +sKa+++e A++YI++Lq
  1a0a_A  2 KRESHKHAEQARRNRLAVALHELASLIPAEWkqqNVSAAPSKATTVEAACRYIRHLQ 58
            79***************************9998777777*****************9 PP

>> 1a0a_B  mol:protein length:63  PROTEIN (PHOSPHATE SYSTEM POSITIVE REGULATORY
   #    score  bias  c-Evalue  i-Evalue hmmfrom  hmm to    alifrom  ali to    envfrom  env to     acc
 ---   ------ ----- --------- --------- ------- -------    ------- -------    ------- -------    ----
   1 !   52.8   0.5   8.6e-17     2e-13       1      54 []       2      58 ..       2      58 .. 0.95

  Alignments for each domain:
  == domain 1  score: 52.8 bits;  conditional E-value: 8.6e-17
            -HHHHHHHHHHHHHHHHHHHHHH-------.....-SS-STCHHHHHHHHHHHHHHH CS
     HLH  1 rrtahnerErrRRdriNsafeeLrellPkas...apskKlsKaeiLekAveYIkqLq 54
            +r++h+ +E+ RR+r+  a++eL++l+P      + s  +sKa+++e A++YI++Lq
  1a0a_B  2 KRESHKHAEQARRNRLAVALHELASLIPAEWkqqNVSAAPSKATTVEAACRYIRHLQ 58
            79***************************9998777777*****************9 PP

>> 1nlw_A  mol:protein length:80  MAD PROTEIN
   #    score  bias  c-Evalue  i-Evalue hmmfrom  hmm to    alifrom  ali to    envfrom  env to     acc
 ---   ------ ----- --------- --------- ------- -------    ------- -------    ------- -------    ----
   1 !   43.7   0.7   5.9e-14   1.4e-10       2      54 .]       2      53 ..       1      53 [. 0.97
   2 ?    0.1   0.1       2.5     6e+03      44      54 .]      57      67 ..      57      67 .. 0.91

  Alignments for each domain:
  == domain 1  score: 43.7 bits;  conditional E-value: 5.9e-14
            HHHHHHHHHHHHHHHHHHHHHH------.-..-SS-STCHHHHHHHHHHHHHHH CS
     HLH  2 rtahnerErrRRdriNsafeeLrellPk.asapskKlsKaeiLekAveYIkqLq 54
            r++hne+E++RR++++ ++e+L+ l+P  +  +s + + ++ L+kA  +Ik+L+
  1nlw_A  2 RSTHNEMEKNRRAHLRLSLEKLKGLVPLgP--DSSRHTTLSLLTKAKLHIKKLE 53
            99**************************99..*******************996 PP

  == domain 2  score: 0.1 bits;  conditional E-value: 2.5
            HHHHHHHHHHH CS
     HLH 44 ekAveYIkqLq 54
            +kAv+ I qLq
  1nlw_A 57 RKAVHQIDQLQ 67
            79*******99 PP

>> 1nlw_D  mol:protein length:80  MAD PROTEIN
   #    score  bias  c-Evalue  i-Evalue hmmfrom  hmm to    alifrom  ali to    envfrom  env to     acc
 ---   ------ ----- --------- --------- ------- -------    ------- -------    ------- -------    ----
   1 !   43.7   0.7   5.9e-14   1.4e-10       2      54 .]       2      53 ..       1      53 [. 0.97
   2 ?    0.1   0.1       2.5     6e+03      44      54 .]      57      67 ..      57      67 .. 0.91

  Alignments for each domain:
  == domain 1  score: 43.7 bits;  conditional E-value: 5.9e-14
            HHHHHHHHHHHHHHHHHHHHHH------.-..-SS-STCHHHHHHHHHHHHHHH CS
     HLH  2 rtahnerErrRRdriNsafeeLrellPk.asapskKlsKaeiLekAveYIkqLq 54
            r++hne+E++RR++++ ++e+L+ l+P  +  +s + + ++ L+kA  +Ik+L+
  1nlw_D  2 RSTHNEMEKNRRAHLRLSLEKLKGLVPLgP--DSSRHTTLSLLTKAKLHIKKLE 53
            99**************************99..*******************996 PP

  == domain 2  score: 0.1 bits;  conditional E-value: 2.5
            HHHHHHHHHHH CS
     HLH 44 ekAveYIkqLq 54
            +kAv+ I qLq
  1nlw_D 57 RKAVHQIDQLQ 67
            79*******99 PP

>> 1ukl_C  mol:protein length:61  Sterol regulatory element binding protein-2
   #    score  bias  c-Evalue  i-Evalue hmmfrom  hmm to    alifrom  ali to    envfrom  env to     acc
 ---   ------ ----- --------- --------- ------- -------    ------- -------    ------- -------    ----
   1 !   38.9   0.1   1.8e-12   4.3e-09      13      54 .]       1      39 [.       1      39 [. 0.97

  Alignments for each domain:
  == domain 1  score: 38.9 bits;  conditional E-value: 1.8e-12
            HHHHHHHHHHH-------..-SS-STCHHHHHHHHHHHHHHH CS
     HLH 13 RdriNsafeeLrellPkasapskKlsKaeiLekAveYIkqLq 54
            R+ iN+++ eL++l+      + K+ K+ +L+kA++YIk+Lq
  1ukl_C  1 RSSINDKIIELKDLVMGT---DAKMHKSGVLRKAIDYIKYLQ 39
            899**************8...8*******************9 PP

>> 1ukl_D  mol:protein length:61  Sterol regulatory element binding protein-2
   #    score  bias  c-Evalue  i-Evalue hmmfrom  hmm to    alifrom  ali to    envfrom  env to     acc
 ---   ------ ----- --------- --------- ------- -------    ------- -------    ------- -------    ----
   1 !   38.9   0.1   1.8e-12   4.3e-09      13      54 .]       1      39 [.       1      39 [. 0.97

  Alignments for each domain:
  == domain 1  score: 38.9 bits;  conditional E-value: 1.8e-12
            HHHHHHHHHHH-------..-SS-STCHHHHHHHHHHHHHHH CS
     HLH 13 RdriNsafeeLrellPkasapskKlsKaeiLekAveYIkqLq 54
            R+ iN+++ eL++l+      + K+ K+ +L+kA++YIk+Lq
  1ukl_D  1 RSSINDKIIELKDLVMGT---DAKMHKSGVLRKAIDYIKYLQ 39
            899**************8...8*******************9 PP

>> 1ukl_E  mol:protein length:61  Sterol regulatory element binding protein-2
   #    score  bias  c-Evalue  i-Evalue hmmfrom  hmm to    alifrom  ali to    envfrom  env to     acc
 ---   ------ ----- --------- --------- ------- -------    ------- -------    ------- -------    ----
   1 !   38.9   0.1   1.8e-12   4.3e-09      13      54 .]       1      39 [.       1      39 [. 0.97

  Alignments for each domain:
  == domain 1  score: 38.9 bits;  conditional E-value: 1.8e-12
            HHHHHHHHHHH-------..-SS-STCHHHHHHHHHHHHHHH CS
     HLH 13 RdriNsafeeLrellPkasapskKlsKaeiLekAveYIkqLq 54
            R+ iN+++ eL++l+      + K+ K+ +L+kA++YIk+Lq
  1ukl_E  1 RSSINDKIIELKDLVMGT---DAKMHKSGVLRKAIDYIKYLQ 39
            899**************8...8*******************9 PP

>> 1ukl_F  mol:protein length:61  Sterol regulatory element binding protein-2
   #    score  bias  c-Evalue  i-Evalue hmmfrom  hmm to    alifrom  ali to    envfrom  env to     acc
 ---   ------ ----- --------- --------- ------- -------    ------- -------    ------- -------    ----
   1 !   38.9   0.1   1.8e-12   4.3e-09      13      54 .]       1      39 [.       1      39 [. 0.97

  Alignments for each domain:
  == domain 1  score: 38.9 bits;  conditional E-value: 1.8e-12
            HHHHHHHHHHH-------..-SS-STCHHHHHHHHHHHHHHH CS
     HLH 13 RdriNsafeeLrellPkasapskKlsKaeiLekAveYIkqLq 54
            R+ iN+++ eL++l+      + K+ K+ +L+kA++YIk+Lq
  1ukl_F  1 RSSINDKIIELKDLVMGT---DAKMHKSGVLRKAIDYIKYLQ 39
            899**************8...8*******************9 PP

>> 1l0h_A  mol:protein length:78  ACYL CARRIER PROTEIN
   #    score  bias  c-Evalue  i-Evalue hmmfrom  hmm to    alifrom  ali to    envfrom  env to     acc
 ---   ------ ----- --------- --------- ------- -------    ------- -------    ------- -------    ----
   1 ?   14.1   0.0    0.0001      0.24      33      54 .]      56      77 ..       9      77 .. 0.85

  Alignments for each domain:
  == domain 1  score: 14.1 bits;  conditional E-value: 0.0001
            -SS-STCHHHHHHHHHHHHHHH CS
     HLH 33 pskKlsKaeiLekAveYIkqLq 54
            p++  +K+++++ A++YI+  q
  1l0h_A 56 PDEEAEKITTVQAAIDYINGHQ 77
            77889*************8765 PP

>> 2fhs_C  mol:protein length:78  Acyl carrier protein
   #    score  bias  c-Evalue  i-Evalue hmmfrom  hmm to    alifrom  ali to    envfrom  env to     acc
 ---   ------ ----- --------- --------- ------- -------    ------- -------    ------- -------    ----
   1 ?   14.1   0.0    0.0001      0.24      33      54 .]      56      77 ..       9      77 .. 0.85

  Alignments for each domain:
  == domain 1  score: 14.1 bits;  conditional E-value: 0.0001
            -SS-STCHHHHHHHHHHHHHHH CS
     HLH 33 pskKlsKaeiLekAveYIkqLq 54
            p++  +K+++++ A++YI+  q
  2fhs_C 56 PDEEAEKITTVQAAIDYINGHQ 77
            77889*************8765 PP

>> 1acp_A  mol:protein length:77  ACYL-CARRIER PROTEIN
   #    score  bias  c-Evalue  i-Evalue hmmfrom  hmm to    alifrom  ali to    envfrom  env to     acc
 ---   ------ ----- --------- --------- ------- -------    ------- -------    ------- -------    ----
   1 ?   14.0   0.0   0.00011      0.27      33      54 .]      55      76 ..      17      76 .. 0.85

  Alignments for each domain:
  == domain 1  score: 14.0 bits;  conditional E-value: 0.00011
            -SS-STCHHHHHHHHHHHHHHH CS
     HLH 33 pskKlsKaeiLekAveYIkqLq 54
            p++  +K+++++ A++YI+  q
  1acp_A 55 PDEEAEKITTVQAAIDYINGHQ 76
            67889*************8765 PP

>> 1t8k_A  mol:protein length:77  Acyl carrier protein
   #    score  bias  c-Evalue  i-Evalue hmmfrom  hmm to    alifrom  ali to    envfrom  env to     acc
 ---   ------ ----- --------- --------- ------- -------    ------- -------    ------- -------    ----
   1 ?   14.0   0.0   0.00011      0.27      33      54 .]      55      76 ..      17      76 .. 0.85

  Alignments for each domain:
  == domain 1  score: 14.0 bits;  conditional E-value: 0.00011
            -SS-STCHHHHHHHHHHHHHHH CS
     HLH 33 pskKlsKaeiLekAveYIkqLq 54
            p++  +K+++++ A++YI+  q
  1t8k_A 55 PDEEAEKITTVQAAIDYINGHQ 76
            67889*************8765 PP

>> 2fac_A  mol:protein length:77  Acyl carrier protein
   #    score  bias  c-Evalue  i-Evalue hmmfrom  hmm to    alifrom  ali to    envfrom  env to     acc
 ---   ------ ----- --------- --------- ------- -------    ------- -------    ------- -------    ----
   1 ?   14.0   0.0   0.00011      0.27      33      54 .]      55      76 ..      17      76 .. 0.85

  Alignments for each domain:
  == domain 1  score: 14.0 bits;  conditional E-value: 0.00011
            -SS-STCHHHHHHHHHHHHHHH CS
     HLH 33 pskKlsKaeiLekAveYIkqLq 54
            p++  +K+++++ A++YI+  q
  2fac_A 55 PDEEAEKITTVQAAIDYINGHQ 76
            67889*************8765 PP

>> 2fac_B  mol:protein length:77  Acyl carrier protein
   #    score  bias  c-Evalue  i-Evalue hmmfrom  hmm to    alifrom  ali to    envfrom  env to     acc
 ---   ------ ----- --------- --------- ------- -------    ------- -------    ------- -------    ----
   1 ?   14.0   0.0   0.00011      0.27      33      54 .]      55      76 ..      17      76 .. 0.85

  Alignments for each domain:
  == domain 1  score: 14.0 bits;  conditional E-value: 0.00011
            -SS-STCHHHHHHHHHHHHHHH CS
     HLH 33 pskKlsKaeiLekAveYIkqLq 54
            p++  +K+++++ A++YI+  q
  2fac_B 55 PDEEAEKITTVQAAIDYINGHQ 76
            67889*************8765 PP

>> 2fad_A  mol:protein length:77  Acyl carrier protein
   #    score  bias  c-Evalue  i-Evalue hmmfrom  hmm to    alifrom  ali to    envfrom  env to     acc
 ---   ------ ----- --------- --------- ------- -------    ------- -------    ------- -------    ----
   1 ?   14.0   0.0   0.00011      0.27      33      54 .]      55      76 ..      17      76 .. 0.85

  Alignments for each domain:
  == domain 1  score: 14.0 bits;  conditional E-value: 0.00011
            -SS-STCHHHHHHHHHHHHHHH CS
     HLH 33 pskKlsKaeiLekAveYIkqLq 54
            p++  +K+++++ A++YI+  q
  2fad_A 55 PDEEAEKITTVQAAIDYINGHQ 76
            67889*************8765 PP

>> 2fad_B  mol:protein length:77  Acyl carrier protein
   #    score  bias  c-Evalue  i-Evalue hmmfrom  hmm to    alifrom  ali to    envfrom  env to     acc
 ---   ------ ----- --------- --------- ------- -------    ------- -------    ------- -------    ----
   1 ?   14.0   0.0   0.00011      0.27      33      54 .]      55      76 ..      17      76 .. 0.85

  Alignments for each domain:
  == domain 1  score: 14.0 bits;  conditional E-value: 0.00011
            -SS-STCHHHHHHHHHHHHHHH CS
     HLH 33 pskKlsKaeiLekAveYIkqLq 54
            p++  +K+++++ A++YI+  q
  2fad_B 55 PDEEAEKITTVQAAIDYINGHQ 76
            67889*************8765 PP

>> 2fae_A  mol:protein length:77  Acyl carrier protein
   #    score  bias  c-Evalue  i-Evalue hmmfrom  hmm to    alifrom  ali to    envfrom  env to     acc
 ---   ------ ----- --------- --------- ------- -------    ------- -------    ------- -------    ----
   1 ?   14.0   0.0   0.00011      0.27      33      54 .]      55      76 ..      17      76 .. 0.85

  Alignments for each domain:
  == domain 1  score: 14.0 bits;  conditional E-value: 0.00011
            -SS-STCHHHHHHHHHHHHHHH CS
     HLH 33 pskKlsKaeiLekAveYIkqLq 54
            p++  +K+++++ A++YI+  q
  2fae_A 55 PDEEAEKITTVQAAIDYINGHQ 76
            67889*************8765 PP

>> 2fae_B  mol:protein length:77  Acyl carrier protein
   #    score  bias  c-Evalue  i-Evalue hmmfrom  hmm to    alifrom  ali to    envfrom  env to     acc
 ---   ------ ----- --------- --------- ------- -------    ------- -------    ------- -------    ----
   1 ?   14.0   0.0   0.00011      0.27      33      54 .]      55      76 ..      17      76 .. 0.85

  Alignments for each domain:
  == domain 1  score: 14.0 bits;  conditional E-value: 0.00011
            -SS-STCHHHHHHHHHHHHHHH CS
     HLH 33 pskKlsKaeiLekAveYIkqLq 54
            p++  +K+++++ A++YI+  q
  2fae_B 55 PDEEAEKITTVQAAIDYINGHQ 76
            67889*************8765 PP

>> 3ejb_A  mol:protein length:97  Acyl carrier protein
   #    score  bias  c-Evalue  i-Evalue hmmfrom  hmm to    alifrom  ali to    envfrom  env to     acc
 ---   ------ ----- --------- --------- ------- -------    ------- -------    ------- -------    ----
   1 ?   13.0   0.0   0.00023      0.54      33      54 .]      75      96 ..      46      96 .. 0.86

  Alignments for each domain:
  == domain 1  score: 13.0 bits;  conditional E-value: 0.00023
            -SS-STCHHHHHHHHHHHHHHH CS
     HLH 33 pskKlsKaeiLekAveYIkqLq 54
            p++  +K+++++ A++YI+  q
  3ejb_A 75 PDEEAEKITTVQAAIDYINGHQ 96
            67889*************8765 PP

>> 3ejb_C  mol:protein length:97  Acyl carrier protein
   #    score  bias  c-Evalue  i-Evalue hmmfrom  hmm to    alifrom  ali to    envfrom  env to     acc
 ---   ------ ----- --------- --------- ------- -------    ------- -------    ------- -------    ----
   1 ?   13.0   0.0   0.00023      0.54      33      54 .]      75      96 ..      46      96 .. 0.86

  Alignments for each domain:
  == domain 1  score: 13.0 bits;  conditional E-value: 0.00023
            -SS-STCHHHHHHHHHHHHHHH CS
     HLH 33 pskKlsKaeiLekAveYIkqLq 54
            p++  +K+++++ A++YI+  q
  3ejb_C 75 PDEEAEKITTVQAAIDYINGHQ 96
            67889*************8765 PP

>> 3ejb_E  mol:protein length:97  Acyl carrier protein
   #    score  bias  c-Evalue  i-Evalue hmmfrom  hmm to    alifrom  ali to    envfrom  env to     acc
 ---   ------ ----- --------- --------- ------- -------    ------- -------    ------- -------    ----
   1 ?   13.0   0.0   0.00023      0.54      33      54 .]      75      96 ..      46      96 .. 0.86

  Alignments for each domain:
  == domain 1  score: 13.0 bits;  conditional E-value: 0.00023
            -SS-STCHHHHHHHHHHHHHHH CS
     HLH 33 pskKlsKaeiLekAveYIkqLq 54
            p++  +K+++++ A++YI+  q
  3ejb_E 75 PDEEAEKITTVQAAIDYINGHQ 96
            67889*************8765 PP

>> 3ejb_G  mol:protein length:97  Acyl carrier protein
   #    score  bias  c-Evalue  i-Evalue hmmfrom  hmm to    alifrom  ali to    envfrom  env to     acc
 ---   ------ ----- --------- --------- ------- -------    ------- -------    ------- -------    ----
   1 ?   13.0   0.0   0.00023      0.54      33      54 .]      75      96 ..      46      96 .. 0.86

  Alignments for each domain:
  == domain 1  score: 13.0 bits;  conditional E-value: 0.00023
            -SS-STCHHHHHHHHHHHHHHH CS
     HLH 33 pskKlsKaeiLekAveYIkqLq 54
            p++  +K+++++ A++YI+  q
  3ejb_G 75 PDEEAEKITTVQAAIDYINGHQ 96
            67889*************8765 PP

>> 3ejd_A  mol:protein length:97  Acyl carrier protein
   #    score  bias  c-Evalue  i-Evalue hmmfrom  hmm to    alifrom  ali to    envfrom  env to     acc
 ---   ------ ----- --------- --------- ------- -------    ------- -------    ------- -------    ----
   1 ?   13.0   0.0   0.00023      0.54      33      54 .]      75      96 ..      46      96 .. 0.86

  Alignments for each domain:
  == domain 1  score: 13.0 bits;  conditional E-value: 0.00023
            -SS-STCHHHHHHHHHHHHHHH CS
     HLH 33 pskKlsKaeiLekAveYIkqLq 54
            p++  +K+++++ A++YI+  q
  3ejd_A 75 PDEEAEKITTVQAAIDYINGHQ 96
            67889*************8765 PP

>> 3ejd_C  mol:protein length:97  Acyl carrier protein
   #    score  bias  c-Evalue  i-Evalue hmmfrom  hmm to    alifrom  ali to    envfrom  env to     acc
 ---   ------ ----- --------- --------- ------- -------    ------- -------    ------- -------    ----
   1 ?   13.0   0.0   0.00023      0.54      33      54 .]      75      96 ..      46      96 .. 0.86

  Alignments for each domain:
  == domain 1  score: 13.0 bits;  conditional E-value: 0.00023
            -SS-STCHHHHHHHHHHHHHHH CS
     HLH 33 pskKlsKaeiLekAveYIkqLq 54
            p++  +K+++++ A++YI+  q
  3ejd_C 75 PDEEAEKITTVQAAIDYINGHQ 96
            67889*************8765 PP

>> 3ejd_E  mol:protein length:97  Acyl carrier protein
   #    score  bias  c-Evalue  i-Evalue hmmfrom  hmm to    alifrom  ali to    envfrom  env to     acc
 ---   ------ ----- --------- --------- ------- -------    ------- -------    ------- -------    ----
   1 ?   13.0   0.0   0.00023      0.54      33      54 .]      75      96 ..      46      96 .. 0.86

  Alignments for each domain:
  == domain 1  score: 13.0 bits;  conditional E-value: 0.00023
            -SS-STCHHHHHHHHHHHHHHH CS
     HLH 33 pskKlsKaeiLekAveYIkqLq 54
            p++  +K+++++ A++YI+  q
  3ejd_E 75 PDEEAEKITTVQAAIDYINGHQ 96
            67889*************8765 PP

>> 3ejd_G  mol:protein length:97  Acyl carrier protein
   #    score  bias  c-Evalue  i-Evalue hmmfrom  hmm to    alifrom  ali to    envfrom  env to     acc
 ---   ------ ----- --------- --------- ------- -------    ------- -------    ------- -------    ----
   1 ?   13.0   0.0   0.00023      0.54      33      54 .]      75      96 ..      46      96 .. 0.86

  Alignments for each domain:
  == domain 1  score: 13.0 bits;  conditional E-value: 0.00023
            -SS-STCHHHHHHHHHHHHHHH CS
     HLH 33 pskKlsKaeiLekAveYIkqLq 54
            p++  +K+++++ A++YI+  q
  3ejd_G 75 PDEEAEKITTVQAAIDYINGHQ 96
            67889*************8765 PP

>> 3eje_A  mol:protein length:97  Acyl carrier protein
   #    score  bias  c-Evalue  i-Evalue hmmfrom  hmm to    alifrom  ali to    envfrom  env to     acc
 ---   ------ ----- --------- --------- ------- -------    ------- -------    ------- -------    ----
   1 ?   13.0   0.0   0.00023      0.54      33      54 .]      75      96 ..      46      96 .. 0.86

  Alignments for each domain:
  == domain 1  score: 13.0 bits;  conditional E-value: 0.00023
            -SS-STCHHHHHHHHHHHHHHH CS
     HLH 33 pskKlsKaeiLekAveYIkqLq 54
            p++  +K+++++ A++YI+  q
  3eje_A 75 PDEEAEKITTVQAAIDYINGHQ 96
            67889*************8765 PP

>> 3eje_C  mol:protein length:97  Acyl carrier protein
   #    score  bias  c-Evalue  i-Evalue hmmfrom  hmm to    alifrom  ali to    envfrom  env to     acc
 ---   ------ ----- --------- --------- ------- -------    ------- -------    ------- -------    ----
   1 ?   13.0   0.0   0.00023      0.54      33      54 .]      75      96 ..      46      96 .. 0.86

  Alignments for each domain:
  == domain 1  score: 13.0 bits;  conditional E-value: 0.00023
            -SS-STCHHHHHHHHHHHHHHH CS
     HLH 33 pskKlsKaeiLekAveYIkqLq 54
            p++  +K+++++ A++YI+  q
  3eje_C 75 PDEEAEKITTVQAAIDYINGHQ 96
            67889*************8765 PP

>> 3eje_E  mol:protein length:97  Acyl carrier protein
   #    score  bias  c-Evalue  i-Evalue hmmfrom  hmm to    alifrom  ali to    envfrom  env to     acc
 ---   ------ ----- --------- --------- ------- -------    ------- -------    ------- -------    ----
   1 ?   13.0   0.0   0.00023      0.54      33      54 .]      75      96 ..      46      96 .. 0.86

  Alignments for each domain:
  == domain 1  score: 13.0 bits;  conditional E-value: 0.00023
            -SS-STCHHHHHHHHHHHHHHH CS
     HLH 33 pskKlsKaeiLekAveYIkqLq 54
            p++  +K+++++ A++YI+  q
  3eje_E 75 PDEEAEKITTVQAAIDYINGHQ 96
            67889*************8765 PP

>> 3eje_G  mol:protein length:97  Acyl carrier protein
   #    score  bias  c-Evalue  i-Evalue hmmfrom  hmm to    alifrom  ali to    envfrom  env to     acc
 ---   ------ ----- --------- --------- ------- -------    ------- -------    ------- -------    ----
   1 ?   13.0   0.0   0.00023      0.54      33      54 .]      75      96 ..      46      96 .. 0.86

  Alignments for each domain:
  == domain 1  score: 13.0 bits;  conditional E-value: 0.00023
            -SS-STCHHHHHHHHHHHHHHH CS
     HLH 33 pskKlsKaeiLekAveYIkqLq 54
            p++  +K+++++ A++YI+  q
  3eje_G 75 PDEEAEKITTVQAAIDYINGHQ 96
            67889*************8765 PP

>> 1l0i_A  mol:protein length:78  Acyl carrier protein
   #    score  bias  c-Evalue  i-Evalue hmmfrom  hmm to    alifrom  ali to    envfrom  env to     acc
 ---   ------ ----- --------- --------- ------- -------    ------- -------    ------- -------    ----
   1 ?   13.4   0.0   0.00017       0.4      33      54 .]      56      77 ..       9      77 .. 0.85

  Alignments for each domain:
  == domain 1  score: 13.4 bits;  conditional E-value: 0.00017
            -SS-STCHHHHHHHHHHHHHHH CS
     HLH 33 pskKlsKaeiLekAveYIkqLq 54
            p++  +K+++++ A++YI+  q
  1l0i_A 56 PDEEAEKMTTVQAAIDYINGHQ 77
            77889*************8765 PP

>> 1x3o_A  mol:protein length:80  acyl carrier protein
   #    score  bias  c-Evalue  i-Evalue hmmfrom  hmm to    alifrom  ali to    envfrom  env to     acc
 ---   ------ ----- --------- --------- ------- -------    ------- -------    ------- -------    ----
   1 ?   11.9   0.0   0.00051       1.2      34      51 ..      59      76 ..       7      78 .. 0.85

  Alignments for each domain:
  == domain 1  score: 11.9 bits;  conditional E-value: 0.00051
            SS-STCHHHHHHHHHHHH CS
     HLH 34 skKlsKaeiLekAveYIk 51
            ++  +K+ +++ AveYIk
  1x3o_A 59 DEEAEKIRTVKDAVEYIK 76
            56789************9 PP

>> 1f80_D  mol:protein length:81  ACYL CARRIER PROTEIN
   #    score  bias  c-Evalue  i-Evalue hmmfrom  hmm to    alifrom  ali to    envfrom  env to     acc
 ---   ------ ----- --------- --------- ------- -------    ------- -------    ------- -------    ----
   1 ?   -0.6   0.0       4.1   9.7e+03      40      50 ..       6      16 ..       2      18 .. 0.83
   2 ?   10.0   0.0     0.002       4.7      36      54 .]      63      81 .]      40      81 .] 0.88

  Alignments for each domain:
  == domain 1  score: -0.6 bits;  conditional E-value: 4.1
            HHHHHHHHHHH CS
     HLH 40 aeiLekAveYI 50
            a++Le++++ I
  1f80_D  6 ADTLERVTKII 16
            89999999877 PP

  == domain 2  score: 10.0 bits;  conditional E-value: 0.002
            -STCHHHHHHHHHHHHHHH CS
     HLH 36 KlsKaeiLekAveYIkqLq 54
              +K++++  Av+YI+  q
  1f80_D 63 DAEKIATVGDAVNYIQNQQ 81
            579*************877 PP

>> 1f80_E  mol:protein length:81  ACYL CARRIER PROTEIN
   #    score  bias  c-Evalue  i-Evalue hmmfrom  hmm to    alifrom  ali to    envfrom  env to     acc
 ---   ------ ----- --------- --------- ------- -------    ------- -------    ------- -------    ----
   1 ?   -0.6   0.0       4.1   9.7e+03      40      50 ..       6      16 ..       2      18 .. 0.83
   2 ?   10.0   0.0     0.002       4.7      36      54 .]      63      81 .]      40      81 .] 0.88

  Alignments for each domain:
  == domain 1  score: -0.6 bits;  conditional E-value: 4.1
            HHHHHHHHHHH CS
     HLH 40 aeiLekAveYI 50
            a++Le++++ I
  1f80_E  6 ADTLERVTKII 16
            89999999877 PP

  == domain 2  score: 10.0 bits;  conditional E-value: 0.002
            -STCHHHHHHHHHHHHHHH CS
     HLH 36 KlsKaeiLekAveYIkqLq 54
              +K++++  Av+YI+  q
  1f80_E 63 DAEKIATVGDAVNYIQNQQ 81
            579*************877 PP

>> 1f80_F  mol:protein length:81  ACYL CARRIER PROTEIN
   #    score  bias  c-Evalue  i-Evalue hmmfrom  hmm to    alifrom  ali to    envfrom  env to     acc
 ---   ------ ----- --------- --------- ------- -------    ------- -------    ------- -------    ----
   1 ?   -0.6   0.0       4.1   9.7e+03      40      50 ..       6      16 ..       2      18 .. 0.83
   2 ?   10.0   0.0     0.002       4.7      36      54 .]      63      81 .]      40      81 .] 0.88

  Alignments for each domain:
  == domain 1  score: -0.6 bits;  conditional E-value: 4.1
            HHHHHHHHHHH CS
     HLH 40 aeiLekAveYI 50
            a++Le++++ I
  1f80_F  6 ADTLERVTKII 16
            89999999877 PP

  == domain 2  score: 10.0 bits;  conditional E-value: 0.002
            -STCHHHHHHHHHHHHHHH CS
     HLH 36 KlsKaeiLekAveYIkqLq 54
              +K++++  Av+YI+  q
  1f80_F 63 DAEKIATVGDAVNYIQNQQ 81
            579*************877 PP



Internal pipeline statistics summary:
-------------------------------------
Query model(s):                              1  (54 nodes)
Target sequences:                       133266  (30839592 residues searched)
Passed MSV filter:                      3649  (0.0273813); expected 2665.3 (0.02)
Passed bias filter:                     3011  (0.0225939); expected 2665.3 (0.02)
Passed Vit filter:                       289  (0.0021686); expected 133.3 (0.001)
Passed Fwd filter:                        56  (0.000420212); expected 1.3 (1e-05)
Initial search space (Z):             133266  [actual number of targets]
Domain search space  (domZ):              56  [number of targets reported over threshold]
# CPU time: 0.29u 0.02s 00:00:00.31 Elapsed: 00:00:00.13
# Mc/sec: 12810.29
//
[ok]
